[2025-06-12 15:46:31] Main HTML file - PASS: File exists
[2025-06-12 15:46:31] Service Worker - PASS: File exists
[2025-06-12 15:46:31] Web App Manifest - PASS: File exists
[2025-06-12 15:46:31] Database Script - PASS: File exists
[2025-06-12 15:46:31] Data Manager Utility - PASS: File exists
[2025-06-12 15:46:31] Business Analytics Utility - PASS: File exists
[2025-06-12 15:46:31] IndexedDB Usage - PASS: IndexedDB is used for storage
[2025-06-12 15:46:31] Object Stores - PASS: Object stores are defined
[2025-06-12 15:46:31] Error Handling - FAIL: No error handling found in db.js
[2025-06-12 15:46:31] Export Functionality - PASS: Export functionality implemented
[2025-06-12 15:46:31] Import Functionality - PASS: Import functionality implemented
[2025-06-12 15:46:31] Metadata Tracking - PASS: Metadata tracking implemented
[2025-06-12 15:46:31] Cache Definition - PASS: Cache is defined in service-worker.js
[2025-06-12 15:46:31] Assets Caching - PASS: Assets caching is implemented
[2025-06-12 15:46:31] Fetch Handling - PASS: Fetch event handling implemented
[2025-06-12 15:46:31] Cache Strategy - PASS: Cache strategy implemented
[2025-06-12 15:46:31] Business Analytics Caching - PASS: Business analytics is cached
[2025-06-12 15:46:31] Data Manager Caching - PASS: Data manager is cached
[2025-06-12 15:46:31] SW Registration - PASS: Service worker registration found in index.html
[2025-06-12 15:48:24] Main HTML file - PASS: File exists
[2025-06-12 15:48:24] Service Worker - PASS: File exists
[2025-06-12 15:48:24] Web App Manifest - PASS: File exists
[2025-06-12 15:48:24] Database Script - PASS: File exists
[2025-06-12 15:48:24] Data Manager Utility - PASS: File exists
[2025-06-12 15:48:24] Business Analytics Utility - PASS: File exists
[2025-06-12 15:48:24] IndexedDB Usage - PASS: IndexedDB is used for storage
[2025-06-12 15:48:24] Object Stores - PASS: Object stores are defined
[2025-06-12 15:48:24] Error Handling - PASS: Error handling implemented
[2025-06-12 15:48:24] Export Functionality - PASS: Export functionality implemented
[2025-06-12 15:48:24] Import Functionality - PASS: Import functionality implemented
[2025-06-12 15:48:24] Metadata Tracking - PASS: Metadata tracking implemented
[2025-06-12 15:48:24] Cache Definition - PASS: Cache is defined in service-worker.js
[2025-06-12 15:48:24] Assets Caching - PASS: Assets caching is implemented
[2025-06-12 15:48:24] Fetch Handling - PASS: Fetch event handling implemented
[2025-06-12 15:48:24] Cache Strategy - PASS: Cache strategy implemented
[2025-06-12 15:48:24] Business Analytics Caching - PASS: Business analytics is cached
[2025-06-12 15:48:24] Data Manager Caching - PASS: Data manager is cached
[2025-06-12 15:48:24] SW Registration - PASS: Service worker registration found in index.html
